// Jest Snapshot v1, https://goo.gl/fbAQLP

exports[`TextInput Should render properly 1`] = `
<div>
  <ForwardRef(styled.label)>
    Cohort Name:
    <ForwardRef(styled.input)
      maxLength="64"
      type="text"
    />
  </ForwardRef(styled.label)>
</div>
`;
